2026-02-13 09:37:11 | INFO | CLI startup complete
2026-02-13 09:37:11 | INFO | Runtime configuration: input='C:\Users\User\Downloads\export-temu-daten-export (2).csv', output='C:\Users\User\Documents\40k\tmp\out_700_smoke', workers=4, resume=False, limit=50
2026-02-13 09:37:11 | INFO | Run log file: C:\Users\User\Documents\40k\tmp\out_700_smoke\run.log
2026-02-13 09:37:11 | INFO | Pipeline stage started | stage=ingestion
2026-02-13 09:37:11 | WARNING | Encoding 'utf-8-sig' failed with decode error: 'utf-8' codec can't decode byte 0xe4 in position 9: invalid continuation byte
2026-02-13 09:37:11 | INFO | Pipeline stage started | stage=classification_normalization_parsing_validation
2026-02-13 09:37:11 | INFO | CSV ingestion started with encoding=cp1252 header_map={'id': 'id', 'name': 'name', 'nutrition_raw_text': 'Nährwerte'}
2026-02-13 09:37:11 | WARNING | Validation warnings for row=2 product_id=28274 warnings=['plausibility_out_of_range:kcal:2294.0 not in [0.0, 900.0]', 'energy_mismatch:kJ=550.0 inconsistent_with_kcal=2294.0']
2026-02-13 09:37:11 | WARNING | Normalization warnings for row=4 product_id=28355 warnings=['unparseable_numeric_fragment:7,', 'unparseable_numeric_fragment:0,']
2026-02-13 09:37:11 | WARNING | Validation warnings for row=4 product_id=28355 warnings=['plausibility_out_of_range:kcal:2272.0 not in [0.0, 900.0]', 'energy_mismatch:kJ=544.0 inconsistent_with_kcal=2272.0']
2026-02-13 09:37:11 | WARNING | Validation warnings for row=5 product_id=28383 warnings=['plausibility_out_of_range:kcal:2574.0 not in [0.0, 900.0]', 'energy_mismatch:kJ=620.0 inconsistent_with_kcal=2574.0']
2026-02-13 09:37:11 | WARNING | Skipping row 8: missing required field(s): nutrition_raw_text
2026-02-13 09:37:11 | WARNING | Skipping row 11: missing required field(s): nutrition_raw_text
2026-02-13 09:37:11 | WARNING | Validation warnings for row=16 product_id=28700 warnings=['plausibility_out_of_range:kcal:1871.0 not in [0.0, 900.0]', 'energy_mismatch:kJ=1871.0 inconsistent_with_kcal=1871.0']
2026-02-13 09:37:11 | WARNING | Normalization warnings for row=17 product_id=29190 warnings=['unparseable_numeric_fragment:7,', 'unparseable_numeric_fragment:0,']
2026-02-13 09:37:11 | WARNING | Validation warnings for row=17 product_id=29190 warnings=['plausibility_out_of_range:kcal:2421.0 not in [0.0, 900.0]', 'energy_mismatch:kJ=583.0 inconsistent_with_kcal=2421.0']
2026-02-13 09:37:11 | WARNING | Normalization warnings for row=18 product_id=29192 warnings=['unparseable_numeric_fragment:6,', 'unparseable_numeric_fragment:0,']
2026-02-13 09:37:11 | WARNING | Validation warnings for row=18 product_id=29192 warnings=['plausibility_out_of_range:kcal:2209.0 not in [0.0, 900.0]', 'energy_mismatch:kJ=531.0 inconsistent_with_kcal=2209.0']
2026-02-13 09:37:11 | WARNING | Normalization warnings for row=20 product_id=29609 warnings=['unparseable_numeric_fragment:8,', 'unparseable_numeric_fragment:0,']
2026-02-13 09:37:11 | WARNING | Validation warnings for row=20 product_id=29609 warnings=['plausibility_out_of_range:kcal:2526.0 not in [0.0, 900.0]', 'energy_mismatch:kJ=603.0 inconsistent_with_kcal=2526.0']
2026-02-13 09:37:11 | WARNING | Validation warnings for row=26 product_id=30595 warnings=['plausibility_out_of_range:kcal:593437.0 not in [0.0, 900.0]', 'energy_mismatch:kJ=2483.0 inconsistent_with_kcal=593437.0']
2026-02-13 09:37:11 | WARNING | Validation warnings for row=27 product_id=31117 warnings=['plausibility_out_of_range:kcal:2183.0 not in [0.0, 900.0]', 'energy_mismatch:kJ=523.0 inconsistent_with_kcal=2183.0']
2026-02-13 09:37:11 | WARNING | Validation warnings for row=29 product_id=31671 warnings=['plausibility_out_of_range:kcal:2294.0 not in [0.0, 900.0]', 'energy_mismatch:kJ=550.0 inconsistent_with_kcal=2294.0']
2026-02-13 09:37:11 | WARNING | Validation warnings for row=30 product_id=32089 warnings=['energy_mismatch:kJ=2336.0 inconsistent_with_kcal=612.0']
2026-02-13 09:37:11 | WARNING | Validation warnings for row=31 product_id=32142 warnings=['plausibility_out_of_range:kcal:2574.0 not in [0.0, 900.0]', 'energy_mismatch:kJ=620.0 inconsistent_with_kcal=2574.0']
2026-02-13 09:37:11 | WARNING | Validation warnings for row=32 product_id=32297 warnings=['plausibility_out_of_range:kcal:2368.0 not in [0.0, 900.0]', 'energy_mismatch:kJ=570.0 inconsistent_with_kcal=2368.0']
2026-02-13 09:37:11 | WARNING | Validation warnings for row=33 product_id=32621 warnings=['plausibility_out_of_range:kcal:2377.0 not in [0.0, 900.0]', 'energy_mismatch:kJ=570.0 inconsistent_with_kcal=2377.0']
2026-02-13 09:37:11 | WARNING | Skipping row 34: missing required field(s): nutrition_raw_text
2026-02-13 09:37:11 | WARNING | Validation warnings for row=36 product_id=32632 warnings=['plausibility_out_of_range:kcal:2038.0 not in [0.0, 900.0]', 'energy_mismatch:kJ=481.0 inconsistent_with_kcal=2038.0']
2026-02-13 09:37:11 | WARNING | Skipping row 38: missing required field(s): nutrition_raw_text
2026-02-13 09:37:11 | WARNING | Normalization warnings for row=39 product_id=32926 warnings=['unparseable_numeric_fragment:6.', 'unparseable_numeric_fragment:0.']
2026-02-13 09:37:11 | WARNING | Normalization warnings for row=41 product_id=33141 warnings=['unparseable_numeric_fragment:6.', 'unparseable_numeric_fragment:0.']
2026-02-13 09:37:11 | WARNING | Normalization warnings for row=42 product_id=33142 warnings=['unparseable_numeric_fragment:8,', 'unparseable_numeric_fragment:0,']
2026-02-13 09:37:11 | WARNING | Validation warnings for row=42 product_id=33142 warnings=['plausibility_out_of_range:kcal:2347.0 not in [0.0, 900.0]', 'energy_mismatch:kJ=563.0 inconsistent_with_kcal=2347.0']
2026-02-13 09:37:11 | WARNING | Validation warnings for row=43 product_id=33147 warnings=['plausibility_out_of_range:kcal:2546.0 not in [0.0, 900.0]', 'energy_mismatch:kJ=612.0 inconsistent_with_kcal=2546.0']
2026-02-13 09:37:11 | WARNING | Skipping row 46: missing required field(s): nutrition_raw_text
2026-02-13 09:37:11 | WARNING | Validation warnings for row=50 product_id=33190 warnings=['plausibility_out_of_range:salt_g:100.0 not in [0.0, 15.0]']
2026-02-13 09:37:11 | WARNING | Validation warnings for row=54 product_id=33206 warnings=['plausibility_out_of_range:kcal:2377.0 not in [0.0, 900.0]', 'energy_mismatch:kJ=570.0 inconsistent_with_kcal=2377.0']
2026-02-13 09:37:11 | WARNING | Skipping row 56: missing required field(s): nutrition_raw_text
2026-02-13 09:37:11 | INFO | Ingestion limit reached (50 valid records)
2026-02-13 09:37:11 | INFO | Pipeline stage completed | stage=classification_normalization_parsing_validation records=50
2026-02-13 09:37:11 | INFO | Pipeline stage started | stage=persistence_classified_records
2026-02-13 09:37:11 | INFO | Pipeline stage completed | stage=persistence_classified_records output=C:\Users\User\Documents\40k\tmp\out_700_smoke\classified_records.jsonl records=50
2026-02-13 09:37:11 | INFO | Pipeline stage started | stage=reporting
2026-02-13 09:37:11 | INFO | Pipeline stage completed | stage=reporting
2026-02-13 09:37:11 | INFO | Pipeline stage started | stage=rendering
2026-02-13 09:37:11 | INFO | Pipeline stage completed | stage=rendering
2026-02-13 09:37:11 | INFO | Classification completed | output=C:\Users\User\Documents\40k\tmp\out_700_smoke\classified_records.jsonl classified=50 categories={'MISSING': 0, 'INGREDIENTS': 0, 'NUTRITION': 49, 'MIXED': 1, 'UNKNOWN': 0}
2026-02-13 09:37:11 | INFO | Text normalization completed | records=50 warning_count=14
2026-02-13 09:37:11 | INFO | Nutrition extraction completed | records=50 warning_count=0
2026-02-13 09:37:11 | INFO | Validation/status assignment completed | records=50 warning_count=36 statuses={'OK_WITH_WARNINGS': 19, 'OK': 31}
2026-02-13 09:37:11 | INFO | Reporting completed | report=C:\Users\User\Documents\40k\tmp\out_700_smoke\report.csv needs_review=C:\Users\User\Documents\40k\tmp\out_700_smoke\needs_review.csv failed=C:\Users\User\Documents\40k\tmp\out_700_smoke\failed.csv
2026-02-13 09:37:11 | INFO | Reporting summary | categories={'MISSING': 0, 'INGREDIENTS': 0, 'NUTRITION': 49, 'MIXED': 1, 'UNKNOWN': 0} statuses={'OK': 31, 'OK_WITH_WARNINGS': 19, 'NEEDS_REVIEW': 0, 'FAILED': 6}
2026-02-13 09:37:11 | INFO | Rendering completed | output_root=C:\Users\User\Documents\40k\tmp\out_700_smoke\output eligible_total=50 rendered=50 skipped_existing=0 failed_render=0
2026-02-13 09:37:11 | INFO | CSV ingestion completed | encoding=cp1252 total=56 valid=50 skipped=6
2026-02-13 09:37:11 | INFO | CSV ingestion reject visibility | surfaced_failed_rows=6
2026-02-13 09:37:11 | INFO | Pipeline run completed | duration_ms=574 records_processed=50 ingest_valid=50 ingest_skipped=6 rendered=50 render_skipped_existing=0 render_skipped_non_renderable=0 render_failed=0
